Microchip MPLAB XC8 Compiler V2.40

Linker command line:

-W-3 \
  --edf=C:\Program Files\Microchip\xc8\v2.40\pic\dat\20220703182018_en.msgs \
  -pivt0x8=08h -cn \
  -h+dist/default/production\prototipov1_1.X.production.sym \
  --cmf=dist/default/production\prototipov1_1.X.production.cmf -z \
  -Q18F46K42 -oC:\Users\Alejita\AppData\Local\Temp\xcAs4fs.4 \
  --defsym=__MPLAB_BUILD=1 --fixupoverflow=error \
  -Mdist/default/production/prototipov1_1.X.production.map \
  --md=C:\Users\Alejita\AppData\Local\Temp\xcAs4fs.dat -E1 \
  -ver=XC8 Compiler --acfsm=1493 -ACODE=00h-0FFFFh -ACONST=00h-0FFFFh \
  -ASMALLCONST=01000h-010FFhx240 -AMEDIUMCONST=01000h-0FFFFh \
  -ACOMRAM=01h-05Fh -AABS1=00h-0FFFh -ABIGRAM=01h-0FFFh \
  -ARAM=060h-0FFh,0100h-01FFhx15 -ABANK0=060h-0FFh -ABANK1=0100h-01FFh \
  -ABANK2=0200h-02FFh -ABANK3=0300h-03FFh -ABANK4=0400h-04FFh \
  -ABANK5=0500h-05FFh -ABANK6=0600h-06FFh -ABANK7=0700h-07FFh \
  -ABANK8=0800h-08FFh -ABANK9=0900h-09FFh -ABANK10=0A00h-0AFFh \
  -ABANK11=0B00h-0BFFh -ABANK12=0C00h-0CFFh -ABANK13=0D00h-0DFFh \
  -ABANK14=0E00h-0EFFh -ABANK15=0F00h-0FFFh \
  -ASFR=03800h-038FFhx7,03F00h-03F5Fh,03F60h-03FFFh -ABIGSFR=03800h-03FFFh \
  -ACONFIG=0300000h-0300009h -AIDLOC=0200000h-020000Fh \
  -AEEDATA=0310000h-03103FFh -peeprom_data=EEDATA -preset_vec=00h \
  -ppowerup=CODE,init -pramtop=01000h -psmallconst=SMALLCONST \
  -pmediumconst=MEDIUMCONST -pconst=CONST -AFARRAM=00h-00h \
  -prdata=COMRAM,nvrram=COMRAM,nvbit=COMRAM,rbss=COMRAM,rbit=COMRAM \
  -pfarbss=FARRAM,fardata=FARRAM,nvFARRAM=FARRAM \
  -pintsave_regs=BIGRAM,bigbss=BIGRAM,bigdata=BIGRAM -pbss=RAM \
  -pidata=CODE,irdata=CODE,ibigdata=CODE,ifardata=CODE -prparam=COMRAM \
  C:\Users\Alejita\AppData\Local\Temp\xcAs4fs.o \
  dist/default/production\prototipov1_1.X.production.o 

Object code version is 3.11

Machine type is 18F46K42



                Name                               Link     Load   Length Selector   Space Scale
C:\Users\Alejita\AppData\Local\Temp\xcAs4fs.o
                idloc                            200000   200000       10        0       5
                config                           300000   300000        A        0       4
                init                                 1A       1A        4        4       0
                reset_vec                             0        0        4        0       0
dist/default/production\prototipov1_1.X.production.o
                idloc                            200000   200000       10        0       5
                config                           300000   300000        A        0       4
                smallconst                         1000     1000        8      800       0
                ivt0x8                                8        8       12        4       0
                text29                             2A22     2A22        8      804       0
                text28                             2A34     2A34        2      804       0
                text27                             28CC     28CC       32      804       0
                text26                             2890     2890       3C      804       0
                text25                             29C8     29C8       16      804       0
                text24                             2A10     2A10        A      804       0
                text23                             2A06     2A06        A      804       0
                text22                             2736     2736       6E      804       0
                text21                             2A1A     2A1A        8      804       0
                text20                             2A30     2A30        4      804       0
                text19                             29B0     29B0       18      804       0
                text18                             260A     260A       A6      804       0
                text17                             2954     2954       24      804       0
                text16                             2996     2996       1A      804       0
                text15                             2978     2978       1E      804       0
                text14                             29FC     29FC        A      804       0
                text13                             29F2     29F2        A      804       0
                text12                             29E8     29E8        A      804       0
                text11                             27A4     27A4       68      804       0
                text10                             292E     292E       26      804       0
                text9                              2502     2502      108      804       0
                text8                              204E     204E      1B4      804       0
                text7                              1CB4     1CB4      39A      804       0
                text6                              14C8     14C8      44E      804       0
                text5                              1008     1008      4C0      804       0
                text4                              280C     280C       46      804       0
                text3                              1916     1916      39E      804       0
                text2                              23B4     23B4      14E      804       0
                text1                              2852     2852       3E      804       0
                text0                              2202     2202      1B2      804       0
                cstackCOMRAM                          1        1       56        1       1
                cstackBANK0                          85       85        2       60       1
                cstackBANK1                         100      100       7B      100       1
                dataBANK1                           17B      17B       30      100       1
                dataBANK0                            75       75        A       60       1
                bssBANK0                             60       60       15       60       1
                dataCOMRAM                           57       57        6        1       1
                bssCOMRAM                            5D       5D        1        1       1
                cinit                              26B0     26B0       86      804       0
                nvBANK1                             1AB      1AB        2      100       1
                nvBANK0                              7F       7F        6       60       1
                idataBANK1                         28FE     28FE       30      804       0
                idataBANK0                         29DE     29DE        A      804       0
                idataCOMRAM                        2A2A     2A2A        6      804       0

TOTAL           Name                               Link     Load   Length     Space
        CLASS   CODE           
                init                                 1A       1A        4         0
                reset_vec                             0        0        4         0
                ivt0x8                                8        8       12         0
                text29                             2A22     2A22        8         0
                text28                             2A34     2A34        2         0
                text27                             28CC     28CC       32         0
                text26                             2890     2890       3C         0
                text25                             29C8     29C8       16         0
                text24                             2A10     2A10        A         0
                text23                             2A06     2A06        A         0
                text22                             2736     2736       6E         0
                text21                             2A1A     2A1A        8         0
                text20                             2A30     2A30        4         0
                text19                             29B0     29B0       18         0
                text18                             260A     260A       A6         0
                text17                             2954     2954       24         0
                text16                             2996     2996       1A         0
                text15                             2978     2978       1E         0
                text14                             29FC     29FC        A         0
                text13                             29F2     29F2        A         0
                text12                             29E8     29E8        A         0
                text11                             27A4     27A4       68         0
                text10                             292E     292E       26         0
                text9                              2502     2502      108         0
                text8                              204E     204E      1B4         0
                text7                              1CB4     1CB4      39A         0
                text6                              14C8     14C8      44E         0
                text5                              1008     1008      4C0         0
                text4                              280C     280C       46         0
                text3                              1916     1916      39E         0
                text2                              23B4     23B4      14E         0
                text1                              2852     2852       3E         0
                text0                              2202     2202      1B2         0
                cinit                              26B0     26B0       86         0
                idataBANK1                         28FE     28FE       30         0
                idataBANK0                         29DE     29DE        A         0
                idataCOMRAM                        2A2A     2A2A        6         0

        CLASS   CONST          

        CLASS   SMALLCONST     
                smallconst                         1000     1000        8         0

        CLASS   MEDIUMCONST    

        CLASS   COMRAM         
                cstackCOMRAM                          1        1       56         1
                dataCOMRAM                           57       57        6         1
                bssCOMRAM                            5D       5D        1         1

        CLASS   ABS1           

        CLASS   BIGRAM         

        CLASS   RAM            

        CLASS   BANK0          
                cstackBANK0                          85       85        2         1
                dataBANK0                            75       75        A         1
                bssBANK0                             60       60       15         1
                nvBANK0                              7F       7F        6         1

        CLASS   BANK1          
                cstackBANK1                         100      100       7B         1
                dataBANK1                           17B      17B       30         1
                nvBANK1                             1AB      1AB        2         1

        CLASS   BANK2          

        CLASS   BANK3          

        CLASS   BANK4          

        CLASS   BANK5          

        CLASS   BANK6          

        CLASS   BANK7          

        CLASS   BANK8          

        CLASS   BANK9          

        CLASS   BANK10         

        CLASS   BANK11         

        CLASS   BANK12         

        CLASS   BANK13         

        CLASS   BANK14         

        CLASS   BANK15         

        CLASS   SFR            

        CLASS   BIGSFR         

        CLASS   CONFIG         
                config                           300000   300000        A         4

        CLASS   IDLOC          
                idloc                            200000   200000       10         5

        CLASS   EEDATA         

        CLASS   FARRAM         

        CLASS   HEAP           

        CLASS   STACK          



SEGMENTS        Name                           Load    Length   Top    Selector   Space  Class

                reset_vec                      000000  000004  000004         0       0  CODE    
                cstackCOMRAM                   000001  00005D  00005E         1       1  COMRAM  
                ivt0x8                         000008  000016  00001E         4       0  CODE    
                bssBANK0                       000060  000027  000087        60       1  BANK0   
                cstackBANK1                    000100  0000AD  0001AD       100       1  BANK1   
                smallconst                     001000  000008  001008       800       0  SMALLCON
                text5                          001008  001A2E  002A36       804       0  CODE    


UNUSED ADDRESS RANGES

        Name                Unused          Largest block    Delta
        BANK0            000087-0000FF               79
        BANK1            0001AD-0001FF               53
        BANK10           000A00-000AFF              100
        BANK11           000B00-000BFF              100
        BANK12           000C00-000CFF              100
        BANK13           000D00-000DFF              100
        BANK14           000E00-000EFF              100
        BANK15           000F00-000FFF              100
        BANK2            000200-0002FF              100
        BANK3            000300-0003FF              100
        BANK4            000400-0004FF              100
        BANK5            000500-0005FF              100
        BANK6            000600-0006FF              100
        BANK7            000700-0007FF              100
        BANK8            000800-0008FF              100
        BANK9            000900-0009FF              100
        BIGRAM           00005E-00005F                2
                         000087-0000FF               79
                         0001AD-000FFF              E53
        BIGSFR           003800-003FFF              800
        CODE             000004-000007                4
                         00001E-000FFF              FE2
                         002A36-00FFFF             D5CA
        COMRAM           00005E-00005F                2
        CONST            000004-000007                4
                         00001E-000FFF              FE2
                         002A36-00FFFF             D5CA
        EEDATA           310000-3103FF              400
        MEDIUMCONST      002A36-00FFFF             D5CA
        RAM              000087-0000FF               79
                         0001AD-000FFF              100
        SFR              003800-003FFF              100
        SMALLCONST       002A36-00FFFF              100

                                  Symbol Table

?_ADCC_GetConversionResult                    cstackCOMRAM 000003
?___fladd                                     cstackCOMRAM 000003
?___fldiv                                     cstackCOMRAM 000003
?___flmul                                     cstackCOMRAM 00001C
?___flsub                                     cstackCOMRAM 000035
?___fltol                                     cstackCOMRAM 00004F
?___xxtofl                                    cstackCOMRAM 000003
?_filtrar_dato                                cstackCOMRAM 00003D
ADCC_SetADIInterruptHandler@InterruptHandler  cstackCOMRAM 000003
IVTBASEH                                      (abs)        003FD6
IVTBASEL                                      (abs)        003FD5
IVTBASEU                                      (abs)        003FD7
SPI1_WriteByte@byte                           cstackCOMRAM 000003
UART1_SetErrorHandler@interruptHandler        cstackCOMRAM 000003
UART1_SetFramingErrorHandler@interruptHandler cstackCOMRAM 000003
UART1_SetOverrunErrorHandler@interruptHandler cstackCOMRAM 000003
_ADACCH                                       (abs)        003EE9
_ADACCL                                       (abs)        003EE8
_ADACCU                                       (abs)        003EEA
_ADACQH                                       (abs)        003EF4
_ADACQL                                       (abs)        003EF3
_ADACT                                        (abs)        003EFE
_ADCAP                                        (abs)        003EF5
_ADCC_ADI_InterruptHandler                    nvBANK0      00007F
_ADCC_DefaultInterruptHandler                 text28       002A34
_ADCC_GetConversionResult                     text25       0029C8
_ADCC_ISR                                     text27       0028CC
_ADCC_Initialize                              text22       002736
_ADCC_SetADIInterruptHandler                  text23       002A06
_ADCInterrupt                                 bssBANK0     000066
_ADCLK                                        (abs)        003EFF
_ADCNT                                        (abs)        003EEB
_ADCON0                                       (abs)        003EF8
_ADCON0bits                                   (abs)        003EF8
_ADCON1                                       (abs)        003EF9
_ADCON1bits                                   (abs)        003EF9
_ADCON2                                       (abs)        003EFA
_ADCON2bits                                   (abs)        003EFA
_ADCON3                                       (abs)        003EFB
_ADCON3bits                                   (abs)        003EFB
_ADERRH                                       (abs)        003EE3
_ADERRL                                       (abs)        003EE2
_ADFLTRH                                      (abs)        003EE7
_ADFLTRL                                      (abs)        003EE6
_ADLTHH                                       (abs)        003EDF
_ADLTHL                                       (abs)        003EDE
_ADPCH                                        (abs)        003EF1
_ADPREH                                       (abs)        003EF7
_ADPREL                                       (abs)        003EF6
_ADPREVH                                      (abs)        003EEE
_ADPREVL                                      (abs)        003EED
_ADREF                                        (abs)        003EFD
_ADRESH                                       (abs)        003EF0
_ADRESL                                       (abs)        003EEF
_ADRPT                                        (abs)        003EEC
_ADSTAT                                       (abs)        003EFC
_ADSTATbits                                   (abs)        003EFC
_ADSTPTH                                      (abs)        003EE5
_ADSTPTL                                      (abs)        003EE4
_ADUTHH                                       (abs)        003EE1
_ADUTHL                                       (abs)        003EE0
_ANSELA                                       (abs)        003A40
_ANSELB                                       (abs)        003A50
_ANSELC                                       (abs)        003A60
_ANSELD                                       (abs)        003A70
_ANSELE                                       (abs)        003A80
_Dato1                                        bssBANK0     000064
_Dato2                                        bssBANK0     000063
_FVRCON                                       (abs)        003EC1
_FVRCONbits                                   (abs)        003EC1
_FVR_Initialize                               text21       002A1A
_INLVLA                                       (abs)        003A44
_INLVLB                                       (abs)        003A54
_INLVLC                                       (abs)        003A64
_INLVLD                                       (abs)        003A74
_INLVLE                                       (abs)        003A84
_INTCON0bits                                  (abs)        003FD2
_INTERRUPT_Initialize                         text20       002A30
_INTERRUPT_InterruptManager                   text26       002890
_InterruocionADC                              text29       002A22
_LATA                                         (abs)        003FBA
_LATB                                         (abs)        003FBB
_LATBbits                                     (abs)        003FBB
_LATC                                         (abs)        003FBC
_LATD                                         (abs)        003FBD
_LATE                                         (abs)        003FBE
_LATEbits                                     (abs)        003FBE
_ODCONA                                       (abs)        003A42
_ODCONB                                       (abs)        003A52
_ODCONC                                       (abs)        003A62
_ODCOND                                       (abs)        003A72
_ODCONE                                       (abs)        003A82
_OSCCON1                                      (abs)        0039D9
_OSCCON3                                      (abs)        0039DB
_OSCEN                                        (abs)        0039DD
_OSCFRQ                                       (abs)        0039DF
_OSCILLATOR_Initialize                        text19       0029B0
_OSCTUNE                                      (abs)        0039DE
_PIE1bits                                     (abs)        003991
_PIN_MANAGER_Initialize                       text18       00260A
_PIR1bits                                     (abs)        0039A1
_PIR2bits                                     (abs)        0039A2
_PIR3bits                                     (abs)        0039A3
_PIR4bits                                     (abs)        0039A4
_PMD0                                         (abs)        0039C0
_PMD1                                         (abs)        0039C1
_PMD2                                         (abs)        0039C2
_PMD3                                         (abs)        0039C3
_PMD4                                         (abs)        0039C4
_PMD5                                         (abs)        0039C5
_PMD6                                         (abs)        0039C6
_PMD7                                         (abs)        0039C7
_PMD_Initialize                               text17       002954
_PR2                                          (abs)        003FAB
_RB1I2C                                       (abs)        003A5A
_RB2I2C                                       (abs)        003A5B
_RC3I2C                                       (abs)        003A6A
_RC3PPS                                       (abs)        003A13
_RC4I2C                                       (abs)        003A6B
_RC5PPS                                       (abs)        003A15
_RD0I2C                                       (abs)        003A7A
_RD1I2C                                       (abs)        003A7B
_SLRCONA                                      (abs)        003A43
_SLRCONB                                      (abs)        003A53
_SLRCONC                                      (abs)        003A63
_SLRCOND                                      (abs)        003A73
_SLRCONE                                      (abs)        003A83
_SPI1BAUD                                     (abs)        003D19
_SPI1CLK                                      (abs)        003D1C
_SPI1CON0                                     (abs)        003D14
_SPI1CON0bits                                 (abs)        003D14
_SPI1CON1                                     (abs)        003D15
_SPI1CON2                                     (abs)        003D16
_SPI1RXB                                      (abs)        003D10
_SPI1SCKPPS                                   (abs)        003ADE
_SPI1SDIPPS                                   (abs)        003ADF
_SPI1STATUSbits                               (abs)        003D17
_SPI1TCNTL                                    (abs)        003D12
_SPI1TXB                                      (abs)        003D11
_SPI1_Initialize                              text16       002996
_SPI1_WriteByte                               text24       002A10
_SYSTEM_Initialize                            text10       00292E
_T2CLKCON                                     (abs)        003FAE
_T2CON                                        (abs)        003FAC
_T2CONbits                                    (abs)        003FAC
_T2HLT                                        (abs)        003FAD
_T2HLTbits                                    (abs)        003FAD
_T2PR                                         (abs)        003FAB
_T2RST                                        (abs)        003FAF
_T2RSTbits                                    (abs)        003FAF
_T2TMR                                        (abs)        003FAA
_TMR2                                         (abs)        003FAA
_TMR2_Initialize                              text15       002978
_TRISA                                        (abs)        003FC2
_TRISB                                        (abs)        003FC3
_TRISC                                        (abs)        003FC4
_TRISCbits                                    (abs)        003FC4
_TRISD                                        (abs)        003FC5
_TRISE                                        (abs)        003FC6
_U1BRGH                                       (abs)        003DF6
_U1BRGL                                       (abs)        003DF5
_U1CON0                                       (abs)        003DF2
_U1CON0bits                                   (abs)        003DF2
_U1CON1                                       (abs)        003DF3
_U1CON2                                       (abs)        003DF4
_U1ERRIE                                      (abs)        003DFA
_U1ERRIR                                      (abs)        003DF9
_U1ERRIRbits                                  (abs)        003DF9
_U1FIFO                                       (abs)        003DF7
_U1P1H                                        (abs)        003DED
_U1P1L                                        (abs)        003DEC
_U1P2H                                        (abs)        003DEF
_U1P2L                                        (abs)        003DEE
_U1P3H                                        (abs)        003DF1
_U1P3L                                        (abs)        003DF0
_U1RXB                                        (abs)        003DE8
_U1RXPPS                                      (abs)        003AE5
_U1TXB                                        (abs)        003DEA
_U1UIR                                        (abs)        003DF8
_UART1_DefaultErrorHandler                    (abs)        000000
_UART1_DefaultFramingErrorHandler             (abs)        000000
_UART1_DefaultOverrunErrorHandler             (abs)        000000
_UART1_ErrorHandler                           nvBANK1      0001AB
_UART1_FramingErrorHandler                    nvBANK0      000083
_UART1_Initialize                             text11       0027A4
_UART1_OverrunErrorHandler                    nvBANK0      000081
_UART1_SetErrorHandler                        text14       0029FC
_UART1_SetFramingErrorHandler                 text13       0029F2
_UART1_SetOverrunErrorHandler                 text12       0029E8
_WPUA                                         (abs)        003A41
_WPUB                                         (abs)        003A51
_WPUC                                         (abs)        003A61
_WPUD                                         (abs)        003A71
_WPUE                                         (abs)        003A81
__HRAM                                        (abs)        000000
__Habs1                                       abs1         000000
__Hbank0                                      bank0        000000
__Hbank1                                      bank1        000000
__Hbank10                                     bank10       000000
__Hbank11                                     bank11       000000
__Hbank12                                     bank12       000000
__Hbank13                                     bank13       000000
__Hbank14                                     bank14       000000
__Hbank15                                     bank15       000000
__Hbank2                                      bank2        000000
__Hbank3                                      bank3        000000
__Hbank4                                      bank4        000000
__Hbank5                                      bank5        000000
__Hbank6                                      bank6        000000
__Hbank7                                      bank7        000000
__Hbank8                                      bank8        000000
__Hbank9                                      bank9        000000
__Hbigbss                                     bigbss       000000
__Hbigdata                                    bigdata      000000
__Hbigram                                     bigram       000000
__Hbigsfr                                     bigsfr       000000
__Hbss                                        bss          000000
__HbssBANK0                                   bssBANK0     000000
__HbssCOMRAM                                  bssCOMRAM    000000
__Hcinit                                      cinit        000000
__Hclrtext                                    clrtext      000000
__Hcomram                                     comram       000000
__Hconfig                                     config       30000A
__Hconst                                      const        000000
__HcstackBANK0                                cstackBANK0  000000
__HcstackBANK1                                cstackBANK1  000000
__HcstackCOMRAM                               cstackCOMRAM 000000
__Hdata                                       data         000000
__HdataBANK0                                  dataBANK0    000000
__HdataBANK1                                  dataBANK1    000000
__HdataCOMRAM                                 dataCOMRAM   000000
__Heeprom_data                                eeprom_data  000000
__Hfarbss                                     farbss       000000
__Hfardata                                    fardata      000000
__Hheap                                       heap         000000
__Hibigdata                                   ibigdata     000000
__Hidata                                      idata        000000
__HidataBANK0                                 idataBANK0   000000
__HidataBANK1                                 idataBANK1   000000
__HidataCOMRAM                                idataCOMRAM  000000
__Hidloc                                      idloc        200010
__Hifardata                                   ifardata     000000
__Hinit                                       init         00001E
__Hintsave_regs                               intsave_regs 000000
__Hirdata                                     irdata       000000
__Hivt0x8                                     ivt0x8       00001A
__Hmediumconst                                mediumconst  000000
__HnvBANK0                                    nvBANK0      000000
__HnvBANK1                                    nvBANK1      000000
__HnvFARRAM                                   nvFARRAM     000000
__Hnvbit                                      nvbit        000000
__Hnvrram                                     nvrram       000000
__Hparam                                      rparam       000000
__Hpowerup                                    powerup      000000
__Hram                                        ram          000000
__Hramtop                                     ramtop       001000
__Hrbit                                       rbit         000000
__Hrbss                                       rbss         000000
__Hrdata                                      rdata        000000
__Hreset_vec                                  reset_vec    000004
__Hrparam                                     rparam       000000
__Hsfr                                        sfr          000000
__Hsmallconst                                 smallconst   001008
__Hspace_0                                    (abs)        002A36
__Hspace_1                                    (abs)        0001AD
__Hspace_2                                    (abs)        000000
__Hspace_4                                    (abs)        60000A
__Hstack                                      stack        000000
__Hstruct                                     struct       000000
__Htemp                                       temp         000000
__Htext                                       text         000000
__Htext0                                      text0        000000
__Htext1                                      text1        000000
__Htext10                                     text10       000000
__Htext11                                     text11       000000
__Htext12                                     text12       000000
__Htext13                                     text13       000000
__Htext14                                     text14       000000
__Htext15                                     text15       000000
__Htext16                                     text16       000000
__Htext17                                     text17       000000
__Htext18                                     text18       000000
__Htext19                                     text19       000000
__Htext2                                      text2        000000
__Htext20                                     text20       000000
__Htext21                                     text21       000000
__Htext22                                     text22       000000
__Htext23                                     text23       000000
__Htext24                                     text24       000000
__Htext25                                     text25       000000
__Htext26                                     text26       000000
__Htext27                                     text27       000000
__Htext28                                     text28       000000
__Htext29                                     text29       000000
__Htext3                                      text3        000000
__Htext30                                     text30       000000
__Htext4                                      text4        000000
__Htext5                                      text5        000000
__Htext6                                      text6        000000
__Htext7                                      text7        000000
__Htext8                                      text8        000000
__Htext9                                      text9        000000
__LRAM                                        (abs)        000001
__Labs1                                       abs1         000000
__Lbank0                                      bank0        000000
__Lbank1                                      bank1        000000
__Lbank10                                     bank10       000000
__Lbank11                                     bank11       000000
__Lbank12                                     bank12       000000
__Lbank13                                     bank13       000000
__Lbank14                                     bank14       000000
__Lbank15                                     bank15       000000
__Lbank2                                      bank2        000000
__Lbank3                                      bank3        000000
__Lbank4                                      bank4        000000
__Lbank5                                      bank5        000000
__Lbank6                                      bank6        000000
__Lbank7                                      bank7        000000
__Lbank8                                      bank8        000000
__Lbank9                                      bank9        000000
__Lbigbss                                     bigbss       000000
__Lbigdata                                    bigdata      000000
__Lbigram                                     bigram       000000
__Lbigsfr                                     bigsfr       000000
__Lbss                                        bss          000000
__LbssBANK0                                   bssBANK0     000000
__LbssCOMRAM                                  bssCOMRAM    000000
__Lcinit                                      cinit        000000
__Lclrtext                                    clrtext      000000
__Lcomram                                     comram       000000
__Lconfig                                     config       000000
__Lconst                                      const        000000
__LcstackBANK0                                cstackBANK0  000000
__LcstackBANK1                                cstackBANK1  000000
__LcstackCOMRAM                               cstackCOMRAM 000000
__Ldata                                       data         000000
__LdataBANK0                                  dataBANK0    000000
__LdataBANK1                                  dataBANK1    000000
__LdataCOMRAM                                 dataCOMRAM   000000
__Leeprom_data                                eeprom_data  000000
__Lfarbss                                     farbss       000000
__Lfardata                                    fardata      000000
__Lheap                                       heap         000000
__Libigdata                                   ibigdata     000000
__Lidata                                      idata        000000
__LidataBANK0                                 idataBANK0   000000
__LidataBANK1                                 idataBANK1   000000
__LidataCOMRAM                                idataCOMRAM  000000
__Lidloc                                      idloc        000000
__Lifardata                                   ifardata     000000
__Linit                                       init         00001A
__Lintsave_regs                               intsave_regs 000000
__Lirdata                                     irdata       000000
__Livt0x8                                     ivt0x8       000008
__Lmediumconst                                mediumconst  000000
__LnvBANK0                                    nvBANK0      000000
__LnvBANK1                                    nvBANK1      000000
__LnvFARRAM                                   nvFARRAM     000000
__Lnvbit                                      nvbit        000000
__Lnvrram                                     nvrram       000000
__Lparam                                      rparam       000000
__Lpowerup                                    powerup      000000
__Lram                                        ram          000000
__Lramtop                                     ramtop       001000
__Lrbit                                       rbit         000000
__Lrbss                                       rbss         000000
__Lrdata                                      rdata        000000
__Lreset_vec                                  reset_vec    000000
__Lrparam                                     rparam       000000
__Lsfr                                        sfr          000000
__Lsmallconst                                 smallconst   001000
__Lspace_0                                    (abs)        000000
__Lspace_1                                    (abs)        000000
__Lspace_2                                    (abs)        000000
__Lspace_4                                    (abs)        000000
__Lstack                                      stack        000000
__Lstruct                                     struct       000000
__Ltemp                                       temp         000000
__Ltext                                       text         000000
__Ltext0                                      text0        000000
__Ltext1                                      text1        000000
__Ltext10                                     text10       000000
__Ltext11                                     text11       000000
__Ltext12                                     text12       000000
__Ltext13                                     text13       000000
__Ltext14                                     text14       000000
__Ltext15                                     text15       000000
__Ltext16                                     text16       000000
__Ltext17                                     text17       000000
__Ltext18                                     text18       000000
__Ltext19                                     text19       000000
__Ltext2                                      text2        000000
__Ltext20                                     text20       000000
__Ltext21                                     text21       000000
__Ltext22                                     text22       000000
__Ltext23                                     text23       000000
__Ltext24                                     text24       000000
__Ltext25                                     text25       000000
__Ltext26                                     text26       000000
__Ltext27                                     text27       000000
__Ltext28                                     text28       000000
__Ltext29                                     text29       000000
__Ltext3                                      text3        000000
__Ltext30                                     text30       000000
__Ltext4                                      text4        000000
__Ltext5                                      text5        000000
__Ltext6                                      text6        000000
__Ltext7                                      text7        000000
__Ltext8                                      text8        000000
__Ltext9                                      text9        000000
__S0                                          (abs)        002A36
__S1                                          (abs)        0001AD
__S4                                          (abs)        000000
__S5                                          (abs)        000000
___fladd                                      text5        001008
___fladd@a                                    cstackCOMRAM 000007
___fladd@aexp                                 cstackCOMRAM 000010
___fladd@b                                    cstackCOMRAM 000003
___fladd@bexp                                 cstackCOMRAM 000011
___fladd@grs                                  cstackCOMRAM 000012
___fladd@signs                                cstackCOMRAM 00000F
___fldiv                                      text7        001CB4
___fldiv@a                                    cstackCOMRAM 000007
___fldiv@aexp                                 cstackCOMRAM 00001B
___fldiv@b                                    cstackCOMRAM 000003
___fldiv@bexp                                 cstackCOMRAM 00001A
___fldiv@grs                                  cstackCOMRAM 000016
___fldiv@new_exp                              cstackCOMRAM 000014
___fldiv@rem                                  cstackCOMRAM 00000F
___fldiv@sign                                 cstackCOMRAM 000013
___flmul                                      text6        0014C8
___flmul@a                                    cstackCOMRAM 000020
___flmul@aexp                                 cstackCOMRAM 000029
___flmul@b                                    cstackCOMRAM 00001C
___flmul@bexp                                 cstackCOMRAM 00002E
___flmul@grs                                  cstackCOMRAM 00002A
___flmul@prod                                 cstackCOMRAM 00002F
___flmul@sign                                 cstackCOMRAM 000028
___flmul@temp                                 cstackCOMRAM 000033
___flsub                                      text4        00280C
___flsub@a                                    cstackCOMRAM 000039
___flsub@b                                    cstackCOMRAM 000035
___fltol                                      text9        002502
___fltol@exp1                                 cstackBANK0  000086
___fltol@f1                                   cstackCOMRAM 00004F
___fltol@sign1                                cstackBANK0  000085
___heap_hi                                    (abs)        000000
___heap_lo                                    (abs)        000000
___inthi_sp                                   stack        000000
___intlo_sp                                   stack        000000
___param_bank                                 (abs)        000000
___rparam_used                                (abs)        000001
___sp                                         stack        000000
___xxtofl                                     text8        00204E
___xxtofl@arg                                 cstackCOMRAM 00000D
___xxtofl@exp                                 cstackCOMRAM 00000C
___xxtofl@sign                                cstackCOMRAM 00000B
___xxtofl@val                                 cstackCOMRAM 000003
__accesstop                                   (abs)        000060
__activetblptr                                (abs)        000003
__end_of_ADCC_DefaultInterruptHandler         text28       002A36
__end_of_ADCC_GetConversionResult             text25       0029DE
__end_of_ADCC_ISR                             text27       0028FE
__end_of_ADCC_Initialize                      text22       0027A4
__end_of_ADCC_SetADIInterruptHandler          text23       002A10
__end_of_FVR_Initialize                       text21       002A22
__end_of_INTERRUPT_Initialize                 text20       002A34
__end_of_INTERRUPT_InterruptManager           text26       0028CC
__end_of_InterruocionADC                      text29       002A2A
__end_of_OSCILLATOR_Initialize                text19       0029C8
__end_of_PIN_MANAGER_Initialize               text18       0026B0
__end_of_PMD_Initialize                       text17       002978
__end_of_SPI1_Initialize                      text16       0029B0
__end_of_SPI1_WriteByte                       text24       002A1A
__end_of_SYSTEM_Initialize                    text10       002954
__end_of_TMR2_Initialize                      text15       002996
__end_of_UART1_Initialize                     text11       00280C
__end_of_UART1_SetErrorHandler                text14       002A06
__end_of_UART1_SetFramingErrorHandler         text13       0029FC
__end_of_UART1_SetOverrunErrorHandler         text12       0029F2
__end_of___fladd                              text5        0014C8
__end_of___fldiv                              text7        00204E
__end_of___flmul                              text6        001916
__end_of___flsub                              text4        002852
__end_of___fltol                              text9        00260A
__end_of___xxtofl                             text8        002202
__end_of__initialization                      cinit        002730
__end_of_filtrar_dato                         text3        001CB4
__end_of_inicializar_IIR                      text2        002502
__end_of_inicie_cola                          text1        002890
__end_of_main                                 text0        0023B4
__end_of_spi1_configuration                   smallconst   001006
__initialization                              cinit        0026B0
__mediumconst                                 mediumconst  000000
__pbssBANK0                                   bssBANK0     000060
__pbssCOMRAM                                  bssCOMRAM    00005D
__pcinit                                      cinit        0026B0
__pcstackBANK0                                cstackBANK0  000085
__pcstackBANK1                                cstackBANK1  000100
__pcstackCOMRAM                               cstackCOMRAM 000001
__pdataBANK0                                  dataBANK0    000075
__pdataBANK1                                  dataBANK1    00017B
__pdataCOMRAM                                 dataCOMRAM   000057
__pidataBANK0                                 idataBANK0   0029DE
__pidataBANK1                                 idataBANK1   0028FE
__pidataCOMRAM                                idataCOMRAM  002A2A
__pivt0x8                                     ivt0x8       000008
__pnvBANK0                                    nvBANK0      00007F
__pnvBANK1                                    nvBANK1      0001AB
__psmallconst                                 smallconst   001000
__ptext0                                      text0        002202
__ptext1                                      text1        002852
__ptext10                                     text10       00292E
__ptext11                                     text11       0027A4
__ptext12                                     text12       0029E8
__ptext13                                     text13       0029F2
__ptext14                                     text14       0029FC
__ptext15                                     text15       002978
__ptext16                                     text16       002996
__ptext17                                     text17       002954
__ptext18                                     text18       00260A
__ptext19                                     text19       0029B0
__ptext2                                      text2        0023B4
__ptext20                                     text20       002A30
__ptext21                                     text21       002A1A
__ptext22                                     text22       002736
__ptext23                                     text23       002A06
__ptext24                                     text24       002A10
__ptext25                                     text25       0029C8
__ptext26                                     text26       002890
__ptext27                                     text27       0028CC
__ptext28                                     text28       002A34
__ptext29                                     text29       002A22
__ptext3                                      text3        001916
__ptext30                                     text30       000000
__ptext4                                      text4        00280C
__ptext5                                      text5        001008
__ptext6                                      text6        0014C8
__ptext7                                      text7        001CB4
__ptext8                                      text8        00204E
__ptext9                                      text9        002502
__ramtop                                      ramtop       001000
__smallconst                                  smallconst   001000
_apunt_den1                                   dataBANK0    00007D
_apunt_den2                                   dataCOMRAM   000057
_apunt_num1                                   dataCOMRAM   00005B
_apunt_num2                                   dataCOMRAM   000059
_conv                                         bssBANK0     000065
_den1                                         dataBANK1    000193
_den2                                         dataBANK1    00017B
_filtrar_dato                                 text3        001916
_filtrar_dato$2448                            cstackCOMRAM 000043
_filtrar_dato$2449                            cstackCOMRAM 000047
_filtrar_dato$2450                            cstackCOMRAM 00004B
_inicializar_IIR                              text2        0023B4
_inicie_cola                                  text1        002852
_inicie_envio                                 bssBANK0     000062
_k1                                           dataBANK0    000079
_k2                                           dataBANK0    000075
_main                                         text0        002202
_main$2447                                    cstackBANK1  000100
_num1                                         dataBANK1    00019F
_num2                                         dataBANK1    000187
_resultado                                    bssBANK0     000060
_resultado_filtro                             bssBANK0     000073
_spi1_configuration                           smallconst   001001
_uart1RxLastError                             bssCOMRAM    00005D
_w                                            bssBANK0     000067
end_of_initialization                         cinit        002730
filtrar_dato@in                               cstackCOMRAM 00003F
filtrar_dato@ir                               cstackCOMRAM 00003D
inicializar_IIR@den                           cstackCOMRAM 000005
inicializar_IIR@i                             cstackCOMRAM 000013
inicializar_IIR@ir                            cstackCOMRAM 00000D
inicializar_IIR@k                             cstackCOMRAM 000009
inicializar_IIR@num                           cstackCOMRAM 000003
inicializar_IIR@w                             cstackCOMRAM 000007
inicie_cola@c                                 cstackCOMRAM 000003
intlevel0                                     text         000000
intlevel1                                     text         000000
intlevel2                                     text         000000
intlevel3                                     text         000000
isa$std                                       (abs)        000001
isa$xinst                                     (abs)        000000
ivt0x8_base                                   ivt0x8       000008
main@cola                                     cstackBANK1  000104
main@filtro1                                  cstackBANK1  000119
main@filtro2                                  cstackBANK1  00014A
stackhi                                       (abs)        000000
stacklo                                       (abs)        000000
start                                         init         00001A
start_initialization                          cinit        0026B0


MODULE INFORMATION

Module		Function		Class		Link	Load	Size
C:\Program Files\Microchip\xc8\v2.40\pic\sources\c99\common\sprcmul.c
		___flmul       		CODE           	14C8	0000	1102

C:\Program Files\Microchip\xc8\v2.40\pic\sources\c99\common\sprcmul.c estimated size: 1102

C:\Program Files\Microchip\xc8\v2.40\pic\sources\c99\common\sprcdiv.c
		___fldiv       		CODE           	1CB4	0000	922

C:\Program Files\Microchip\xc8\v2.40\pic\sources\c99\common\sprcdiv.c estimated size: 922

mcc_generated_files/fvr.c
		_FVR_Initialize		CODE           	2A1A	0000	8

mcc_generated_files/fvr.c estimated size: 8

C:\Program Files\Microchip\xc8\v2.40\pic\sources\c99\common\fltol.c
		___fltol       		CODE           	2502	0000	264

C:\Program Files\Microchip\xc8\v2.40\pic\sources\c99\common\fltol.c estimated size: 264

mcc_generated_files/tmr2.c
		_TMR2_Initialize		CODE           	2978	0000	30

mcc_generated_files/tmr2.c estimated size: 30

mcc_generated_files/interrupt_manager.c
		_INTERRUPT_Initialize		CODE           	2A30	0000	4
		_INTERRUPT_InterruptManager		CODE           	2890	0000	60

mcc_generated_files/interrupt_manager.c estimated size: 64

mcc_generated_files/pin_manager.c
		_PIN_MANAGER_Initialize		CODE           	260A	0000	166

mcc_generated_files/pin_manager.c estimated size: 166

mcc_generated_files/spi1.c
		_SPI1_WriteByte		CODE           	2A10	0000	10
		_SPI1_Initialize		CODE           	2996	0000	26

mcc_generated_files/spi1.c estimated size: 36

C:\Program Files\Microchip\xc8\v2.40\pic\sources\c99\common\sprcadd.c
		___flsub       		CODE           	280C	0000	70
		___fladd       		CODE           	1008	0000	1216

C:\Program Files\Microchip\xc8\v2.40\pic\sources\c99\common\sprcadd.c estimated size: 1286

C:\Program Files\Microchip\xc8\v2.40\pic\sources\c99\common\xxtofl.c
		___xxtofl      		CODE           	204E	0000	436

C:\Program Files\Microchip\xc8\v2.40\pic\sources\c99\common\xxtofl.c estimated size: 436

filtro.c
		_filtrar_dato  		CODE           	1916	0000	926
		_inicializar_IIR		CODE           	23B4	0000	334

filtro.c estimated size: 1260

mcc_generated_files/uart1.c
		_UART1_SetFramingErrorHandler		CODE           	29F2	0000	10
		_UART1_SetOverrunErrorHandler		CODE           	29E8	0000	10
		_UART1_Initialize		CODE           	27A4	0000	104
		_UART1_SetErrorHandler		CODE           	29FC	0000	10

mcc_generated_files/uart1.c estimated size: 134

shared
		__initialization		CODE           	26B0	0000	128
		_spi1_configuration		SMALLCONST     	1001	0000	5

shared estimated size: 133

mcc_generated_files/mcc.c
		_PMD_Initialize		CODE           	2954	0000	36
		_OSCILLATOR_Initialize		CODE           	29B0	0000	24
		_SYSTEM_Initialize		CODE           	292E	0000	38

mcc_generated_files/mcc.c estimated size: 98

cola.c
		_inicie_cola   		CODE           	2852	0000	62

cola.c estimated size: 62

mcc_generated_files/adcc.c
		_ADCC_DefaultInterruptHandler		CODE           	2A34	0000	2
		_ADCC_GetConversionResult		CODE           	29C8	0000	22
		_ADCC_SetADIInterruptHandler		CODE           	2A06	0000	10
		_ADCC_ISR      		CODE           	28CC	0000	50
		_ADCC_Initialize		CODE           	2736	0000	110

mcc_generated_files/adcc.c estimated size: 194

main.c
		_main          		CODE           	2202	0000	434
		_InterruocionADC		CODE           	2A22	0000	8

main.c estimated size: 442

