Microchip MPLAB XC8 Compiler V2.36

Linker command line:

-W-3 --edf=C:\Program Files\Microchip\xc8\v2.36\pic\dat\en_msgs.txt \
  -pivt0x8=08h -cn -h+dist/default/production\FIR.production.sym \
  --cmf=dist/default/production\FIR.production.cmf -z -Q18F46K42 \
  -oC:\Users\AULASI~1\AppData\Local\Temp\xcAs248.4 --defsym=__MPLAB_BUILD=1 \
  -Mdist/default/production/FIR.production.map \
  --md=C:\Users\AULASI~1\AppData\Local\Temp\xcAs248.dat -E1 \
  -ver=XC8 Compiler --acfsm=1493 -ACODE=00h-0FFFFh -ACONST=00h-0FFFFh \
  -ASMALLCONST=01000h-010FFhx240 -AMEDIUMCONST=01000h-0FFFFh \
  -ACOMRAM=01h-05Fh -AABS1=00h-0FFFh -ABIGRAM=01h-0FFFh \
  -ARAM=060h-0FFh,0100h-01FFhx15 -ABANK0=060h-0FFh -ABANK1=0100h-01FFh \
  -ABANK2=0200h-02FFh -ABANK3=0300h-03FFh -ABANK4=0400h-04FFh \
  -ABANK5=0500h-05FFh -ABANK6=0600h-06FFh -ABANK7=0700h-07FFh \
  -ABANK8=0800h-08FFh -ABANK9=0900h-09FFh -ABANK10=0A00h-0AFFh \
  -ABANK11=0B00h-0BFFh -ABANK12=0C00h-0CFFh -ABANK13=0D00h-0DFFh \
  -ABANK14=0E00h-0EFFh -ABANK15=0F00h-0FFFh \
  -ASFR=03800h-038FFhx7,03F00h-03F5Fh,03F60h-03FFFh -ABIGSFR=03800h-03FFFh \
  -ACONFIG=0300000h-0300009h -AIDLOC=0200000h-020000Fh \
  -AEEDATA=0310000h-03103FFh -peeprom_data=EEDATA -preset_vec=00h \
  -ppowerup=CODE,init -pramtop=01000h -psmallconst=SMALLCONST \
  -pmediumconst=MEDIUMCONST -pconst=CONST -AFARRAM=00h-00h \
  -prdata=COMRAM,nvrram=COMRAM,nvbit=COMRAM,rbss=COMRAM,rbit=COMRAM \
  -pfarbss=FARRAM,fardata=FARRAM,nvFARRAM=FARRAM \
  -pintsave_regs=BIGRAM,bigbss=BIGRAM,bigdata=BIGRAM -pbss=RAM \
  -pidata=CODE,irdata=CODE,ibigdata=CODE,ifardata=CODE -prparam=COMRAM \
  C:\Users\AULASI~1\AppData\Local\Temp\xcAs248.o \
  dist/default/production\FIR.production.o 

Object code version is 3.11

Machine type is 18F46K42



                Name                               Link     Load   Length Selector   Space Scale
C:\Users\AULASI~1\AppData\Local\Temp\xcAs248.o
                idloc                            200000   200000       10        0       5
                config                           300000   300000        A        0       4
                init                                 1A       1A        4        4       0
                reset_vec                             0        0        4        0       0
dist/default/production\FIR.production.o
                idloc                            200000   200000       10        0       5
                config                           300000   300000        A        0       4
                smallconst                         1000     1000       36      800       0
                ivt0x8                                8        8       12        4       0
                text24                             18A0     18A0        6      81B       0
                text23                             18AC     18AC        2      81B       0
                text22                             176C     176C       30      81B       0
                text21                             1730     1730       3C      81B       0
                text20                             1850     1850       16      81B       0
                text19                             188E     188E        A      81B       0
                text18                             1884     1884        A      81B       0
                text17                             156C     156C       6E      81B       0
                text16                             1898     1898        8      81B       0
                text15                             18A6     18A6        4      81B       0
                text14                             1838     1838       18      81B       0
                text13                             14C2     14C2       AA      81B       0
                text12                             17C2     17C2       24      81B       0
                text11                             181E     181E       1A      81B       0
                text10                             17E6     17E6       1E      81B       0
                text9                              187A     187A        A      81B       0
                text8                              1870     1870        A      81B       0
                text7                              1866     1866        A      81B       0
                text6                              1644     1644       68      81B       0
                text5                              179C     179C       26      81B       0
                text4                              1804     1804       1A      81B       0
                text3                              15DA     15DA       6A      81B       0
                text2                              1036     1036      25A      81B       0
                text1                              16F2     16F2       3E      81B       0
                text0                              1290     1290      232      81B       0
                cstackCOMRAM                          1        1       31        1       1
                cstackBANK0                          9E       9E       15       60       1
                bssBANK0                             60       60       3E       60       1
                dataCOMRAM                           48       48        2        1       1
                bssCOMRAM                            32       32       12        1       1
                cinit                              16AC     16AC       46      81B       0
                nvBANK0                              B3       B3        4       60       1
                nvCOMRAM                             44       44        4        1       1
                idataCOMRAM                        18AA     18AA        2      81B       0

TOTAL           Name                               Link     Load   Length     Space
        CLASS   CODE           
                init                                 1A       1A        4         0
                reset_vec                             0        0        4         0
                ivt0x8                                8        8       12         0
                text24                             18A0     18A0        6         0
                text23                             18AC     18AC        2         0
                text22                             176C     176C       30         0
                text21                             1730     1730       3C         0
                text20                             1850     1850       16         0
                text19                             188E     188E        A         0
                text18                             1884     1884        A         0
                text17                             156C     156C       6E         0
                text16                             1898     1898        8         0
                text15                             18A6     18A6        4         0
                text14                             1838     1838       18         0
                text13                             14C2     14C2       AA         0
                text12                             17C2     17C2       24         0
                text11                             181E     181E       1A         0
                text10                             17E6     17E6       1E         0
                text9                              187A     187A        A         0
                text8                              1870     1870        A         0
                text7                              1866     1866        A         0
                text6                              1644     1644       68         0
                text5                              179C     179C       26         0
                text4                              1804     1804       1A         0
                text3                              15DA     15DA       6A         0
                text2                              1036     1036      25A         0
                text1                              16F2     16F2       3E         0
                text0                              1290     1290      232         0
                cinit                              16AC     16AC       46         0
                idataCOMRAM                        18AA     18AA        2         0

        CLASS   CONST          

        CLASS   SMALLCONST     
                smallconst                         1000     1000       36         0

        CLASS   MEDIUMCONST    

        CLASS   COMRAM         
                cstackCOMRAM                          1        1       31         1
                dataCOMRAM                           48       48        2         1
                bssCOMRAM                            32       32       12         1
                nvCOMRAM                             44       44        4         1

        CLASS   ABS1           

        CLASS   BIGRAM         

        CLASS   RAM            

        CLASS   BANK0          
                cstackBANK0                          9E       9E       15         1
                bssBANK0                             60       60       3E         1
                nvBANK0                              B3       B3        4         1

        CLASS   BANK1          

        CLASS   BANK2          

        CLASS   BANK3          

        CLASS   BANK4          

        CLASS   BANK5          

        CLASS   BANK6          

        CLASS   BANK7          

        CLASS   BANK8          

        CLASS   BANK9          

        CLASS   BANK10         

        CLASS   BANK11         

        CLASS   BANK12         

        CLASS   BANK13         

        CLASS   BANK14         

        CLASS   BANK15         

        CLASS   SFR            

        CLASS   BIGSFR         

        CLASS   CONFIG         
                config                           300000   300000        A         4

        CLASS   IDLOC          
                idloc                            200000   200000       10         5

        CLASS   EEDATA         

        CLASS   FARRAM         

        CLASS   HEAP           

        CLASS   STACK          



SEGMENTS        Name                           Load    Length   Top    Selector   Space  Class

                reset_vec                      000000  000004  000004         0       0  CODE    
                cstackCOMRAM                   000001  000049  00004A         1       1  COMRAM  
                ivt0x8                         000008  000016  00001E         4       0  CODE    
                bssBANK0                       000060  000057  0000B7        60       1  BANK0   
                smallconst                     001000  000036  001036       800       0  SMALLCON
                text2                          001036  000878  0018AE       81B       0  CODE    


UNUSED ADDRESS RANGES

        Name                Unused          Largest block    Delta
        BANK0            0000B7-0000FF               49
        BANK1            000100-0001FF              100
        BANK10           000A00-000AFF              100
        BANK11           000B00-000BFF              100
        BANK12           000C00-000CFF              100
        BANK13           000D00-000DFF              100
        BANK14           000E00-000EFF              100
        BANK15           000F00-000FFF              100
        BANK2            000200-0002FF              100
        BANK3            000300-0003FF              100
        BANK4            000400-0004FF              100
        BANK5            000500-0005FF              100
        BANK6            000600-0006FF              100
        BANK7            000700-0007FF              100
        BANK8            000800-0008FF              100
        BANK9            000900-0009FF              100
        BIGRAM           00004A-00005F               16
                         0000B7-000FFF              F49
        BIGSFR           003800-003FFF              800
        CODE             000004-000007                4
                         00001E-000FFF              FE2
                         0018AE-00FFFF             E752
        COMRAM           00004A-00005F               16
        CONST            000004-000007                4
                         00001E-000FFF              FE2
                         0018AE-00FFFF             E752
        EEDATA           310000-3103FF              400
        MEDIUMCONST      0018AE-00FFFF             E752
        RAM              0000B7-000FFF              100
        SFR              003800-003FFF              100
        SMALLCONST       0018AE-00FFFF              100

                                  Symbol Table

?_ADCC_GetConversionResult                    cstackCOMRAM 000003
?___lmul                                      cstackCOMRAM 000003
?_filtrar_dato                                cstackCOMRAM 00000F
ADCC_SetADIInterruptHandler@InterruptHandler  cstackCOMRAM 000003
IVTBASEH                                      (abs)        003FD6
IVTBASEL                                      (abs)        003FD5
IVTBASEU                                      (abs)        003FD7
SPI1_WriteByte@byte                           cstackCOMRAM 000003
UART1_SetErrorHandler@interruptHandler        cstackCOMRAM 000003
UART1_SetFramingErrorHandler@interruptHandler cstackCOMRAM 000003
UART1_SetOverrunErrorHandler@interruptHandler cstackCOMRAM 000003
UART1_Write@txData                            cstackCOMRAM 000003
_ADACCH                                       (abs)        003EE9
_ADACCL                                       (abs)        003EE8
_ADACCU                                       (abs)        003EEA
_ADACQH                                       (abs)        003EF4
_ADACQL                                       (abs)        003EF3
_ADACT                                        (abs)        003EFE
_ADCAP                                        (abs)        003EF5
_ADCC_ADI_InterruptHandler                    nvCOMRAM     000044
_ADCC_DefaultInterruptHandler                 text23       0018AC
_ADCC_GetConversionResult                     text20       001850
_ADCC_ISR                                     text22       00176C
_ADCC_Initialize                              text17       00156C
_ADCC_SetADIInterruptHandler                  text18       001884
_ADCInterrupt                                 bssCOMRAM    000040
_ADCLK                                        (abs)        003EFF
_ADCNT                                        (abs)        003EEB
_ADCON0                                       (abs)        003EF8
_ADCON0bits                                   (abs)        003EF8
_ADCON1                                       (abs)        003EF9
_ADCON1bits                                   (abs)        003EF9
_ADCON2                                       (abs)        003EFA
_ADCON2bits                                   (abs)        003EFA
_ADCON3                                       (abs)        003EFB
_ADCON3bits                                   (abs)        003EFB
_ADERRH                                       (abs)        003EE3
_ADERRL                                       (abs)        003EE2
_ADFLTRH                                      (abs)        003EE7
_ADFLTRL                                      (abs)        003EE6
_ADLTHH                                       (abs)        003EDF
_ADLTHL                                       (abs)        003EDE
_ADPCH                                        (abs)        003EF1
_ADPREH                                       (abs)        003EF7
_ADPREL                                       (abs)        003EF6
_ADPREVH                                      (abs)        003EEE
_ADPREVL                                      (abs)        003EED
_ADREF                                        (abs)        003EFD
_ADRESH                                       (abs)        003EF0
_ADRESL                                       (abs)        003EEF
_ADRPT                                        (abs)        003EEC
_ADSTAT                                       (abs)        003EFC
_ADSTATbits                                   (abs)        003EFC
_ADSTPTH                                      (abs)        003EE5
_ADSTPTL                                      (abs)        003EE4
_ADUTHH                                       (abs)        003EE1
_ADUTHL                                       (abs)        003EE0
_ANSELA                                       (abs)        003A40
_ANSELB                                       (abs)        003A50
_ANSELC                                       (abs)        003A60
_ANSELD                                       (abs)        003A70
_ANSELE                                       (abs)        003A80
_B                                            smallconst   001016
_D1                                           bssCOMRAM    00003E
_D2                                           bssCOMRAM    00003D
_D3                                           bssCOMRAM    00003C
_D4                                           bssCOMRAM    00003B
_D5                                           bssCOMRAM    00003A
_D6                                           bssCOMRAM    000039
_Dato1                                        bssCOMRAM    000038
_Dato2                                        bssCOMRAM    000037
_FVRCON                                       (abs)        003EC1
_FVRCONbits                                   (abs)        003EC1
_FVR_Initialize                               text16       001898
_INLVLA                                       (abs)        003A44
_INLVLB                                       (abs)        003A54
_INLVLC                                       (abs)        003A64
_INLVLD                                       (abs)        003A74
_INLVLE                                       (abs)        003A84
_INTCON0bits                                  (abs)        003FD2
_INTERRUPT_Initialize                         text15       0018A6
_INTERRUPT_InterruptManager                   text21       001730
_InterruocionADC                              text24       0018A0
_LATA                                         (abs)        003FBA
_LATB                                         (abs)        003FBB
_LATBbits                                     (abs)        003FBB
_LATC                                         (abs)        003FBC
_LATD                                         (abs)        003FBD
_LATDbits                                     (abs)        003FBD
_LATE                                         (abs)        003FBE
_LATEbits                                     (abs)        003FBE
_ODCONA                                       (abs)        003A42
_ODCONB                                       (abs)        003A52
_ODCONC                                       (abs)        003A62
_ODCOND                                       (abs)        003A72
_ODCONE                                       (abs)        003A82
_OSCCON1                                      (abs)        0039D9
_OSCCON3                                      (abs)        0039DB
_OSCEN                                        (abs)        0039DD
_OSCFRQ                                       (abs)        0039DF
_OSCILLATOR_Initialize                        text14       001838
_OSCTUNE                                      (abs)        0039DE
_PIE1bits                                     (abs)        003991
_PIN_MANAGER_Initialize                       text13       0014C2
_PIR1bits                                     (abs)        0039A1
_PIR2bits                                     (abs)        0039A2
_PIR3bits                                     (abs)        0039A3
_PIR4bits                                     (abs)        0039A4
_PMD0                                         (abs)        0039C0
_PMD1                                         (abs)        0039C1
_PMD2                                         (abs)        0039C2
_PMD3                                         (abs)        0039C3
_PMD4                                         (abs)        0039C4
_PMD5                                         (abs)        0039C5
_PMD6                                         (abs)        0039C6
_PMD7                                         (abs)        0039C7
_PMD_Initialize                               text12       0017C2
_PR2                                          (abs)        003FAB
_RB1I2C                                       (abs)        003A5A
_RB2I2C                                       (abs)        003A5B
_RC3I2C                                       (abs)        003A6A
_RC3PPS                                       (abs)        003A13
_RC4I2C                                       (abs)        003A6B
_RC5PPS                                       (abs)        003A15
_RC6PPS                                       (abs)        003A16
_RD0I2C                                       (abs)        003A7A
_RD1I2C                                       (abs)        003A7B
_SLRCONA                                      (abs)        003A43
_SLRCONB                                      (abs)        003A53
_SLRCONC                                      (abs)        003A63
_SLRCOND                                      (abs)        003A73
_SLRCONE                                      (abs)        003A83
_SPI1BAUD                                     (abs)        003D19
_SPI1CLK                                      (abs)        003D1C
_SPI1CON0                                     (abs)        003D14
_SPI1CON0bits                                 (abs)        003D14
_SPI1CON1                                     (abs)        003D15
_SPI1CON2                                     (abs)        003D16
_SPI1RXB                                      (abs)        003D10
_SPI1SCKPPS                                   (abs)        003ADE
_SPI1SDIPPS                                   (abs)        003ADF
_SPI1STATUSbits                               (abs)        003D17
_SPI1TCNTL                                    (abs)        003D12
_SPI1TXB                                      (abs)        003D11
_SPI1_Initialize                              text11       00181E
_SPI1_WriteByte                               text19       00188E
_SYSTEM_Initialize                            text5        00179C
_T2CLKCON                                     (abs)        003FAE
_T2CON                                        (abs)        003FAC
_T2CONbits                                    (abs)        003FAC
_T2HLT                                        (abs)        003FAD
_T2HLTbits                                    (abs)        003FAD
_T2PR                                         (abs)        003FAB
_T2RST                                        (abs)        003FAF
_T2RSTbits                                    (abs)        003FAF
_T2TMR                                        (abs)        003FAA
_TMR2                                         (abs)        003FAA
_TMR2_Initialize                              text10       0017E6
_TRISA                                        (abs)        003FC2
_TRISB                                        (abs)        003FC3
_TRISC                                        (abs)        003FC4
_TRISCbits                                    (abs)        003FC4
_TRISD                                        (abs)        003FC5
_TRISE                                        (abs)        003FC6
_U1BRGH                                       (abs)        003DF6
_U1BRGL                                       (abs)        003DF5
_U1CON0                                       (abs)        003DF2
_U1CON0bits                                   (abs)        003DF2
_U1CON1                                       (abs)        003DF3
_U1CON2                                       (abs)        003DF4
_U1ERRIE                                      (abs)        003DFA
_U1ERRIR                                      (abs)        003DF9
_U1ERRIRbits                                  (abs)        003DF9
_U1FIFO                                       (abs)        003DF7
_U1P1H                                        (abs)        003DED
_U1P1L                                        (abs)        003DEC
_U1P2H                                        (abs)        003DEF
_U1P2L                                        (abs)        003DEE
_U1P3H                                        (abs)        003DF1
_U1P3L                                        (abs)        003DF0
_U1RXB                                        (abs)        003DE8
_U1RXPPS                                      (abs)        003AE5
_U1TXB                                        (abs)        003DEA
_U1UIR                                        (abs)        003DF8
_UART1_DefaultErrorHandler                    (abs)        000000
_UART1_DefaultFramingErrorHandler             (abs)        000000
_UART1_DefaultOverrunErrorHandler             (abs)        000000
_UART1_ErrorHandler                           nvBANK0      0000B3
_UART1_FramingErrorHandler                    nvCOMRAM     000046
_UART1_Initialize                             text6        001644
_UART1_OverrunErrorHandler                    nvBANK0      0000B5
_UART1_SetErrorHandler                        text9        00187A
_UART1_SetFramingErrorHandler                 text8        001870
_UART1_SetOverrunErrorHandler                 text7        001866
_UART1_Write                                  text4        001804
_WPUA                                         (abs)        003A41
_WPUB                                         (abs)        003A51
_WPUC                                         (abs)        003A61
_WPUD                                         (abs)        003A71
_WPUE                                         (abs)        003A81
__HRAM                                        (abs)        000000
__Habs1                                       abs1         000000
__Hbank0                                      bank0        000000
__Hbank1                                      bank1        000000
__Hbank10                                     bank10       000000
__Hbank11                                     bank11       000000
__Hbank12                                     bank12       000000
__Hbank13                                     bank13       000000
__Hbank14                                     bank14       000000
__Hbank15                                     bank15       000000
__Hbank2                                      bank2        000000
__Hbank3                                      bank3        000000
__Hbank4                                      bank4        000000
__Hbank5                                      bank5        000000
__Hbank6                                      bank6        000000
__Hbank7                                      bank7        000000
__Hbank8                                      bank8        000000
__Hbank9                                      bank9        000000
__Hbigbss                                     bigbss       000000
__Hbigdata                                    bigdata      000000
__Hbigram                                     bigram       000000
__Hbigsfr                                     bigsfr       000000
__Hbss                                        bss          000000
__HbssBANK0                                   bssBANK0     000000
__HbssCOMRAM                                  bssCOMRAM    000000
__Hcinit                                      cinit        000000
__Hclrtext                                    clrtext      000000
__Hcomram                                     comram       000000
__Hconfig                                     config       30000A
__Hconst                                      const        000000
__HcstackBANK0                                cstackBANK0  000000
__HcstackCOMRAM                               cstackCOMRAM 000000
__Hdata                                       data         000000
__HdataCOMRAM                                 dataCOMRAM   000000
__Heeprom_data                                eeprom_data  000000
__Hfarbss                                     farbss       000000
__Hfardata                                    fardata      000000
__Hheap                                       heap         000000
__Hibigdata                                   ibigdata     000000
__Hidata                                      idata        000000
__HidataCOMRAM                                idataCOMRAM  000000
__Hidloc                                      idloc        200010
__Hifardata                                   ifardata     000000
__Hinit                                       init         00001E
__Hintsave_regs                               intsave_regs 000000
__Hirdata                                     irdata       000000
__Hivt0x8                                     ivt0x8       00001A
__Hmediumconst                                mediumconst  000000
__HnvBANK0                                    nvBANK0      000000
__HnvCOMRAM                                   nvCOMRAM     000000
__HnvFARRAM                                   nvFARRAM     000000
__Hnvbit                                      nvbit        000000
__Hnvrram                                     nvrram       000000
__Hparam                                      rparam       000000
__Hpowerup                                    powerup      000000
__Hram                                        ram          000000
__Hramtop                                     ramtop       001000
__Hrbit                                       rbit         000000
__Hrbss                                       rbss         000000
__Hrdata                                      rdata        000000
__Hreset_vec                                  reset_vec    000004
__Hrparam                                     rparam       000000
__Hsfr                                        sfr          000000
__Hsmallconst                                 smallconst   001036
__Hspace_0                                    (abs)        0018AE
__Hspace_1                                    (abs)        0000B7
__Hspace_2                                    (abs)        000000
__Hspace_4                                    (abs)        60000A
__Hstack                                      stack        000000
__Hstruct                                     struct       000000
__Htemp                                       temp         000000
__Htext                                       text         000000
__Htext0                                      text0        000000
__Htext1                                      text1        000000
__Htext10                                     text10       000000
__Htext11                                     text11       000000
__Htext12                                     text12       000000
__Htext13                                     text13       000000
__Htext14                                     text14       000000
__Htext15                                     text15       000000
__Htext16                                     text16       000000
__Htext17                                     text17       000000
__Htext18                                     text18       000000
__Htext19                                     text19       000000
__Htext2                                      text2        000000
__Htext20                                     text20       000000
__Htext21                                     text21       000000
__Htext22                                     text22       000000
__Htext23                                     text23       000000
__Htext24                                     text24       000000
__Htext25                                     text25       000000
__Htext3                                      text3        000000
__Htext4                                      text4        000000
__Htext5                                      text5        000000
__Htext6                                      text6        000000
__Htext7                                      text7        000000
__Htext8                                      text8        000000
__Htext9                                      text9        000000
__LRAM                                        (abs)        000001
__Labs1                                       abs1         000000
__Lbank0                                      bank0        000000
__Lbank1                                      bank1        000000
__Lbank10                                     bank10       000000
__Lbank11                                     bank11       000000
__Lbank12                                     bank12       000000
__Lbank13                                     bank13       000000
__Lbank14                                     bank14       000000
__Lbank15                                     bank15       000000
__Lbank2                                      bank2        000000
__Lbank3                                      bank3        000000
__Lbank4                                      bank4        000000
__Lbank5                                      bank5        000000
__Lbank6                                      bank6        000000
__Lbank7                                      bank7        000000
__Lbank8                                      bank8        000000
__Lbank9                                      bank9        000000
__Lbigbss                                     bigbss       000000
__Lbigdata                                    bigdata      000000
__Lbigram                                     bigram       000000
__Lbigsfr                                     bigsfr       000000
__Lbss                                        bss          000000
__LbssBANK0                                   bssBANK0     000000
__LbssCOMRAM                                  bssCOMRAM    000000
__Lcinit                                      cinit        000000
__Lclrtext                                    clrtext      000000
__Lcomram                                     comram       000000
__Lconfig                                     config       000000
__Lconst                                      const        000000
__LcstackBANK0                                cstackBANK0  000000
__LcstackCOMRAM                               cstackCOMRAM 000000
__Ldata                                       data         000000
__LdataCOMRAM                                 dataCOMRAM   000000
__Leeprom_data                                eeprom_data  000000
__Lfarbss                                     farbss       000000
__Lfardata                                    fardata      000000
__Lheap                                       heap         000000
__Libigdata                                   ibigdata     000000
__Lidata                                      idata        000000
__LidataCOMRAM                                idataCOMRAM  000000
__Lidloc                                      idloc        000000
__Lifardata                                   ifardata     000000
__Linit                                       init         00001A
__Lintsave_regs                               intsave_regs 000000
__Lirdata                                     irdata       000000
__Livt0x8                                     ivt0x8       000008
__Lmediumconst                                mediumconst  000000
__LnvBANK0                                    nvBANK0      000000
__LnvCOMRAM                                   nvCOMRAM     000000
__LnvFARRAM                                   nvFARRAM     000000
__Lnvbit                                      nvbit        000000
__Lnvrram                                     nvrram       000000
__Lparam                                      rparam       000000
__Lpowerup                                    powerup      000000
__Lram                                        ram          000000
__Lramtop                                     ramtop       001000
__Lrbit                                       rbit         000000
__Lrbss                                       rbss         000000
__Lrdata                                      rdata        000000
__Lreset_vec                                  reset_vec    000000
__Lrparam                                     rparam       000000
__Lsfr                                        sfr          000000
__Lsmallconst                                 smallconst   001000
__Lspace_0                                    (abs)        000000
__Lspace_1                                    (abs)        000000
__Lspace_2                                    (abs)        000000
__Lspace_4                                    (abs)        000000
__Lstack                                      stack        000000
__Lstruct                                     struct       000000
__Ltemp                                       temp         000000
__Ltext                                       text         000000
__Ltext0                                      text0        000000
__Ltext1                                      text1        000000
__Ltext10                                     text10       000000
__Ltext11                                     text11       000000
__Ltext12                                     text12       000000
__Ltext13                                     text13       000000
__Ltext14                                     text14       000000
__Ltext15                                     text15       000000
__Ltext16                                     text16       000000
__Ltext17                                     text17       000000
__Ltext18                                     text18       000000
__Ltext19                                     text19       000000
__Ltext2                                      text2        000000
__Ltext20                                     text20       000000
__Ltext21                                     text21       000000
__Ltext22                                     text22       000000
__Ltext23                                     text23       000000
__Ltext24                                     text24       000000
__Ltext25                                     text25       000000
__Ltext3                                      text3        000000
__Ltext4                                      text4        000000
__Ltext5                                      text5        000000
__Ltext6                                      text6        000000
__Ltext7                                      text7        000000
__Ltext8                                      text8        000000
__Ltext9                                      text9        000000
__S0                                          (abs)        0018AE
__S1                                          (abs)        0000B7
__S4                                          (abs)        000000
__S5                                          (abs)        000000
___heap_hi                                    (abs)        000000
___heap_lo                                    (abs)        000000
___inthi_sp                                   stack        000000
___intlo_sp                                   stack        000000
___lmul                                       text3        0015DA
___lmul@multiplicand                          cstackCOMRAM 000007
___lmul@multiplier                            cstackCOMRAM 000003
___lmul@product                               cstackCOMRAM 00000B
___param_bank                                 (abs)        000000
___rparam_used                                (abs)        000001
___sp                                         stack        000000
__accesstop                                   (abs)        000060
__activetblptr                                (abs)        000003
__end_of_ADCC_DefaultInterruptHandler         text23       0018AE
__end_of_ADCC_GetConversionResult             text20       001866
__end_of_ADCC_ISR                             text22       00179C
__end_of_ADCC_Initialize                      text17       0015DA
__end_of_ADCC_SetADIInterruptHandler          text18       00188E
__end_of_B                                    smallconst   001035
__end_of_FVR_Initialize                       text16       0018A0
__end_of_INTERRUPT_Initialize                 text15       0018AA
__end_of_INTERRUPT_InterruptManager           text21       00176C
__end_of_InterruocionADC                      text24       0018A6
__end_of_OSCILLATOR_Initialize                text14       001850
__end_of_PIN_MANAGER_Initialize               text13       00156C
__end_of_PMD_Initialize                       text12       0017E6
__end_of_SPI1_Initialize                      text11       001838
__end_of_SPI1_WriteByte                       text19       001898
__end_of_SYSTEM_Initialize                    text5        0017C2
__end_of_TMR2_Initialize                      text10       001804
__end_of_UART1_Initialize                     text6        0016AC
__end_of_UART1_SetErrorHandler                text9        001884
__end_of_UART1_SetFramingErrorHandler         text8        00187A
__end_of_UART1_SetOverrunErrorHandler         text7        001870
__end_of_UART1_Write                          text4        00181E
__end_of___lmul                               text3        001644
__end_of__initialization                      cinit        0016EC
__end_of_filtrar_dato                         text2        001290
__end_of_inicie_cola                          text1        001730
__end_of_lookuphexa                           smallconst   001011
__end_of_main                                 text0        0014C2
__end_of_spi1_configuration                   smallconst   001016
__initialization                              cinit        0016AC
__mediumconst                                 mediumconst  000000
__pbssBANK0                                   bssBANK0     000060
__pbssCOMRAM                                  bssCOMRAM    000032
__pcinit                                      cinit        0016AC
__pcstackBANK0                                cstackBANK0  00009E
__pcstackCOMRAM                               cstackCOMRAM 000001
__pdataCOMRAM                                 dataCOMRAM   000048
__pidataCOMRAM                                idataCOMRAM  0018AA
__pivt0x8                                     ivt0x8       000008
__pnvBANK0                                    nvBANK0      0000B3
__pnvCOMRAM                                   nvCOMRAM     000044
__psmallconst                                 smallconst   001000
__ptext0                                      text0        001290
__ptext1                                      text1        0016F2
__ptext10                                     text10       0017E6
__ptext11                                     text11       00181E
__ptext12                                     text12       0017C2
__ptext13                                     text13       0014C2
__ptext14                                     text14       001838
__ptext15                                     text15       0018A6
__ptext16                                     text16       001898
__ptext17                                     text17       00156C
__ptext18                                     text18       001884
__ptext19                                     text19       00188E
__ptext2                                      text2        001036
__ptext20                                     text20       001850
__ptext21                                     text21       001730
__ptext22                                     text22       00176C
__ptext23                                     text23       0018AC
__ptext24                                     text24       0018A0
__ptext25                                     text25       000000
__ptext3                                      text3        0015DA
__ptext4                                      text4        001804
__ptext5                                      text5        00179C
__ptext6                                      text6        001644
__ptext7                                      text7        001866
__ptext8                                      text8        001870
__ptext9                                      text9        00187A
__ramtop                                      ramtop       001000
__smallconst                                  smallconst   001000
_conv                                         bssCOMRAM    00003F
_filtrar_dato                                 text2        001036
_inicie_cola                                  text1        0016F2
_inicie_envio                                 bssCOMRAM    000036
_k                                            bssCOMRAM    000032
_lookuphexa                                   smallconst   001001
_main                                         text0        001290
_q                                            dataCOMRAM   000048
_resultado                                    bssCOMRAM    000034
_resultado_filtro                             bssCOMRAM    000042
_spi1_configuration                           smallconst   001011
_uart1RxLastError                             bssCOMRAM    000041
_x                                            bssBANK0     000060
end_of_initialization                         cinit        0016EC
filtrar_dato@anx                              cstackCOMRAM 00002B
filtrar_dato@apuntadorarrc                    cstackCOMRAM 00002D
filtrar_dato@apuntadorcoef                    cstackCOMRAM 000025
filtrar_dato@apuntadorinv                     cstackCOMRAM 000023
filtrar_dato@i                                cstackCOMRAM 000027
filtrar_dato@in                               cstackCOMRAM 00000F
filtrar_dato@inx                              cstackCOMRAM 000029
filtrar_dato@y                                cstackCOMRAM 00001F
inicie_cola@c                                 cstackCOMRAM 000003
intlevel0                                     text         000000
intlevel1                                     text         000000
intlevel2                                     text         000000
intlevel3                                     text         000000
isa$std                                       (abs)        000001
isa$xinst                                     (abs)        000000
ivt0x8_base                                   ivt0x8       000008
main@cola                                     cstackBANK0  00009E
stackhi                                       (abs)        000000
stacklo                                       (abs)        000000
start                                         init         00001A
start_initialization                          cinit        0016AC


MODULE INFORMATION

Module		Function		Class		Link	Load	Size
mcc_generated_files/fvr.c
		_FVR_Initialize		CODE           	1898	0000	8

mcc_generated_files/fvr.c estimated size: 8

mcc_generated_files/tmr2.c
		_TMR2_Initialize		CODE           	17E6	0000	30

mcc_generated_files/tmr2.c estimated size: 30

mcc_generated_files/interrupt_manager.c
		_INTERRUPT_Initialize		CODE           	18A6	0000	4
		_INTERRUPT_InterruptManager		CODE           	1730	0000	60

mcc_generated_files/interrupt_manager.c estimated size: 64

C:\Program Files\Microchip\xc8\v2.36\pic\sources\c99\common\Umul32.c
		___lmul        		CODE           	15DA	0000	106

C:\Program Files\Microchip\xc8\v2.36\pic\sources\c99\common\Umul32.c estimated size: 106

mcc_generated_files/pin_manager.c
		_PIN_MANAGER_Initialize		CODE           	14C2	0000	170

mcc_generated_files/pin_manager.c estimated size: 170

mcc_generated_files/spi1.c
		_SPI1_WriteByte		CODE           	188E	0000	10
		_SPI1_Initialize		CODE           	181E	0000	26

mcc_generated_files/spi1.c estimated size: 36

filtro.c
		_filtrar_dato  		CODE           	1036	0000	602

filtro.c estimated size: 602

mcc_generated_files/uart1.c
		_UART1_Write   		CODE           	1804	0000	26
		_UART1_SetFramingErrorHandler		CODE           	1870	0000	10
		_UART1_SetOverrunErrorHandler		CODE           	1866	0000	10
		_UART1_Initialize		CODE           	1644	0000	104
		_UART1_SetErrorHandler		CODE           	187A	0000	10

mcc_generated_files/uart1.c estimated size: 160

shared
		__initialization		CODE           	16AC	0000	64
		_B             		SMALLCONST     	1016	0000	31
		_lookuphexa    		SMALLCONST     	1001	0000	16
		_spi1_configuration		SMALLCONST     	1011	0000	5

shared estimated size: 116

mcc_generated_files/mcc.c
		_PMD_Initialize		CODE           	17C2	0000	36
		_OSCILLATOR_Initialize		CODE           	1838	0000	24
		_SYSTEM_Initialize		CODE           	179C	0000	38

mcc_generated_files/mcc.c estimated size: 98

cola.c
		_inicie_cola   		CODE           	16F2	0000	62

cola.c estimated size: 62

mcc_generated_files/adcc.c
		_ADCC_DefaultInterruptHandler		CODE           	18AC	0000	2
		_ADCC_GetConversionResult		CODE           	1850	0000	22
		_ADCC_SetADIInterruptHandler		CODE           	1884	0000	10
		_ADCC_ISR      		CODE           	176C	0000	48
		_ADCC_Initialize		CODE           	156C	0000	110

mcc_generated_files/adcc.c estimated size: 192

main.c
		_main          		CODE           	1290	0000	562
		_InterruocionADC		CODE           	18A0	0000	6

main.c estimated size: 568

